2025-06-03 23:44:06,624 INFO: Student Portal startup [in C:\wamp64\www\Result_portal\app\__init__.py:60]
2025-06-03 23:45:02,389 INFO: Student Portal startup [in C:\wamp64\www\Result_portal\app\__init__.py:60]
2025-06-03 23:45:09,854 INFO: Student Portal startup [in C:\wamp64\www\Result_portal\app\__init__.py:60]
2025-06-03 23:46:35,662 INFO: Student Portal startup [in C:\wamp64\www\Result_portal\app\__init__.py:60]
2025-06-03 23:49:10,659 INFO: Student Portal startup [in C:\wamp64\www\Result_portal\app\__init__.py:60]
2025-06-03 23:52:57,505 INFO: Student Portal startup [in C:\wamp64\www\Result_portal\app\__init__.py:60]
2025-06-03 23:53:06,609 INFO: Processing form submission [in C:\wamp64\www\Result_portal\app\admin\routes.py:1105]
2025-06-03 23:53:06,611 INFO: Form data: ImmutableMultiDict([('csrf_token', 'IjZjMTI2NjA0ZjVkOWI3NmMwYTM1M2Y5YjhmNWRhODRjNjA5MDQ5MmMi.aD-KOA.xV42vtIQKWzFN-x5Ed5yCPVvqYs'), ('program', '3'), ('level', '1'), ('student', '26'), ('course', '7'), ('semester', '1'), ('academic_year', '2024-2025'), ('score', '78'), ('remarks', 'Good')]) [in C:\wamp64\www\Result_portal\app\admin\routes.py:1106]
2025-06-03 23:53:06,614 INFO: Setting choices for program: 3, level: 1 [in C:\wamp64\www\Result_portal\app\admin\routes.py:1110]
2025-06-03 23:53:06,629 INFO: Found 3 students [in C:\wamp64\www\Result_portal\app\admin\routes.py:1119]
2025-06-03 23:53:06,677 INFO: Found 1 courses [in C:\wamp64\www\Result_portal\app\admin\routes.py:1124]
2025-06-03 23:53:06,680 INFO: Form errors: {} [in C:\wamp64\www\Result_portal\app\admin\routes.py:1127]
2025-06-03 23:53:23,286 INFO: Processing form submission [in C:\wamp64\www\Result_portal\app\admin\routes.py:1105]
2025-06-03 23:53:23,292 INFO: Form data: ImmutableMultiDict([('csrf_token', 'IjZjMTI2NjA0ZjVkOWI3NmMwYTM1M2Y5YjhmNWRhODRjNjA5MDQ5MmMi.aD-KOA.xV42vtIQKWzFN-x5Ed5yCPVvqYs'), ('program', '3'), ('level', '1'), ('student', '26'), ('course', '7'), ('semester', '1'), ('academic_year', '2024-2025'), ('score', '78'), ('remarks', 'Good')]) [in C:\wamp64\www\Result_portal\app\admin\routes.py:1106]
2025-06-03 23:53:23,298 INFO: Setting choices for program: 3, level: 1 [in C:\wamp64\www\Result_portal\app\admin\routes.py:1110]
2025-06-03 23:53:23,311 INFO: Found 3 students [in C:\wamp64\www\Result_portal\app\admin\routes.py:1119]
2025-06-03 23:53:23,326 INFO: Found 1 courses [in C:\wamp64\www\Result_portal\app\admin\routes.py:1124]
2025-06-03 23:53:23,328 INFO: Form errors: {} [in C:\wamp64\www\Result_portal\app\admin\routes.py:1127]
2025-06-03 23:53:29,606 INFO: Processing form submission [in C:\wamp64\www\Result_portal\app\admin\routes.py:1105]
2025-06-03 23:53:29,612 INFO: Form data: ImmutableMultiDict([('csrf_token', 'IjZjMTI2NjA0ZjVkOWI3NmMwYTM1M2Y5YjhmNWRhODRjNjA5MDQ5MmMi.aD-K8w.ntDaptUzsEkHTtwpW8hVESXXp1U'), ('program', '3'), ('level', '1'), ('student', '26'), ('course', '7'), ('semester', '1'), ('academic_year', '2024-2025'), ('score', '78'), ('remarks', 'Good')]) [in C:\wamp64\www\Result_portal\app\admin\routes.py:1106]
2025-06-03 23:53:29,640 INFO: Setting choices for program: 3, level: 1 [in C:\wamp64\www\Result_portal\app\admin\routes.py:1110]
2025-06-03 23:53:29,680 INFO: Found 3 students [in C:\wamp64\www\Result_portal\app\admin\routes.py:1119]
2025-06-03 23:53:29,695 INFO: Found 1 courses [in C:\wamp64\www\Result_portal\app\admin\routes.py:1124]
2025-06-03 23:53:29,763 INFO: Form errors: {} [in C:\wamp64\www\Result_portal\app\admin\routes.py:1127]
2025-06-03 23:55:42,817 INFO: Student Portal startup [in C:\wamp64\www\Result_portal\app\__init__.py:60]
2025-06-03 23:59:02,683 INFO: Processing form submission [in C:\wamp64\www\Result_portal\app\admin\routes.py:1105]
2025-06-03 23:59:02,685 INFO: Form data: ImmutableMultiDict([('csrf_token', 'IjZjMTI2NjA0ZjVkOWI3NmMwYTM1M2Y5YjhmNWRhODRjNjA5MDQ5MmMi.aD-K-Q.ii1h-YISOaicLFc5uo0Gzlt99OY'), ('program', '3'), ('level', '1'), ('student', '26'), ('course', '7'), ('semester', '1'), ('academic_year', '2024-2025'), ('score', '78'), ('remarks', 'Good')]) [in C:\wamp64\www\Result_portal\app\admin\routes.py:1106]
2025-06-03 23:59:02,709 INFO: Setting choices for program: 3, level: 1 [in C:\wamp64\www\Result_portal\app\admin\routes.py:1115]
2025-06-03 23:59:02,730 INFO: Found 3 students [in C:\wamp64\www\Result_portal\app\admin\routes.py:1124]
2025-06-03 23:59:02,749 INFO: Found 1 courses [in C:\wamp64\www\Result_portal\app\admin\routes.py:1130]
2025-06-03 23:59:02,752 WARNING: Form validation failed: {'index_number': ['This field is required.']} [in C:\wamp64\www\Result_portal\app\admin\routes.py:1141]
2025-06-03 23:59:36,006 INFO: Processing form submission [in C:\wamp64\www\Result_portal\app\admin\routes.py:1105]
2025-06-03 23:59:36,012 INFO: Form data: ImmutableMultiDict([('csrf_token', 'IjZjMTI2NjA0ZjVkOWI3NmMwYTM1M2Y5YjhmNWRhODRjNjA5MDQ5MmMi.aD-MRg.B-q_dLoA5zFSzBKh8JcjvIKujr0'), ('program', '3'), ('level', '1'), ('student', '26'), ('course', '7'), ('semester', '1'), ('academic_year', '2024-2025'), ('score', '78'), ('remarks', 'Good')]) [in C:\wamp64\www\Result_portal\app\admin\routes.py:1106]
2025-06-03 23:59:36,032 INFO: Setting choices for program: 3, level: 1 [in C:\wamp64\www\Result_portal\app\admin\routes.py:1115]
2025-06-03 23:59:36,048 INFO: Found 3 students [in C:\wamp64\www\Result_portal\app\admin\routes.py:1124]
2025-06-03 23:59:36,066 INFO: Found 1 courses [in C:\wamp64\www\Result_portal\app\admin\routes.py:1130]
2025-06-03 23:59:36,075 WARNING: Form validation failed: {'index_number': ['This field is required.']} [in C:\wamp64\www\Result_portal\app\admin\routes.py:1141]
2025-06-03 23:59:50,095 INFO: Processing form submission [in C:\wamp64\www\Result_portal\app\admin\routes.py:1105]
2025-06-03 23:59:50,097 INFO: Form data: ImmutableMultiDict([('csrf_token', 'IjZjMTI2NjA0ZjVkOWI3NmMwYTM1M2Y5YjhmNWRhODRjNjA5MDQ5MmMi.aD-MZw.WWKjB4mL15DVkBnJAJ8xdFfPBmo'), ('program', '3'), ('level', '1'), ('student', '26'), ('course', '7'), ('semester', '1'), ('academic_year', '2024-2025'), ('score', '78'), ('remarks', 'Good')]) [in C:\wamp64\www\Result_portal\app\admin\routes.py:1106]
2025-06-03 23:59:50,118 INFO: Setting choices for program: 3, level: 1 [in C:\wamp64\www\Result_portal\app\admin\routes.py:1115]
2025-06-03 23:59:50,135 INFO: Found 3 students [in C:\wamp64\www\Result_portal\app\admin\routes.py:1124]
2025-06-03 23:59:50,149 INFO: Found 1 courses [in C:\wamp64\www\Result_portal\app\admin\routes.py:1130]
2025-06-03 23:59:50,158 WARNING: Form validation failed: {'index_number': ['This field is required.']} [in C:\wamp64\www\Result_portal\app\admin\routes.py:1141]
2025-06-04 00:01:35,653 INFO: Student Portal startup [in C:\wamp64\www\Result_portal\app\__init__.py:60]
2025-06-04 00:02:24,868 INFO: Student Portal startup [in C:\wamp64\www\Result_portal\app\__init__.py:60]
2025-06-04 00:15:51,240 INFO: Processing form submission [in C:\wamp64\www\Result_portal\app\admin\routes.py:1105]
2025-06-04 00:15:51,247 INFO: Form data: ImmutableMultiDict([('csrf_token', 'IjZjMTI2NjA0ZjVkOWI3NmMwYTM1M2Y5YjhmNWRhODRjNjA5MDQ5MmMi.aD-QIQ.VSqpxWL0am49-hpPaeBOiewrTBQ'), ('program', '3'), ('level', '1'), ('student', '26'), ('course', '7'), ('semester', '1'), ('academic_year', '2024-2025'), ('score', '78'), ('remarks', 'good')]) [in C:\wamp64\www\Result_portal\app\admin\routes.py:1106]
2025-06-04 00:15:51,270 INFO: Setting choices for program: 3, level: 1 [in C:\wamp64\www\Result_portal\app\admin\routes.py:1115]
2025-06-04 00:15:51,298 INFO: Found 3 students [in C:\wamp64\www\Result_portal\app\admin\routes.py:1124]
2025-06-04 00:15:51,310 INFO: Found 1 courses [in C:\wamp64\www\Result_portal\app\admin\routes.py:1130]
2025-06-04 00:15:51,316 INFO: Form validation passed [in C:\wamp64\www\Result_portal\app\admin\routes.py:1146]
2025-06-04 00:15:51,319 INFO: Processing form submission - Student ID: 26, Course ID: 7, Score: 78.0 [in C:\wamp64\www\Result_portal\app\admin\routes.py:1154]
2025-06-04 00:15:51,327 INFO: Found student: Jefferson Forson (BPS0001226) [in C:\wamp64\www\Result_portal\app\admin\routes.py:1163]
2025-06-04 00:15:51,330 INFO: Found course: BPS78 - Logical Thinking [in C:\wamp64\www\Result_portal\app\admin\routes.py:1172]
2025-06-04 00:15:51,630 ERROR: An error occurred while saving the result: 'created_by' is an invalid keyword argument for Result [in C:\wamp64\www\Result_portal\app\admin\routes.py:1233]
2025-06-04 00:15:51,633 ERROR: 'created_by' is an invalid keyword argument for Result [in C:\wamp64\www\Result_portal\app\admin\routes.py:1234]
Traceback (most recent call last):
  File "C:\wamp64\www\Result_portal\app\admin\routes.py", line 1203, in enter_result
    result = Result(
             ^^^^^^^
  File "<string>", line 4, in __init__
  File "C:\wamp64\www\Result_portal\venv\Lib\site-packages\sqlalchemy\orm\state.py", line 571, in _initialize_instance
    with util.safe_reraise():
  File "C:\wamp64\www\Result_portal\venv\Lib\site-packages\sqlalchemy\util\langhelpers.py", line 146, in __exit__
    raise exc_value.with_traceback(exc_tb)
  File "C:\wamp64\www\Result_portal\venv\Lib\site-packages\sqlalchemy\orm\state.py", line 569, in _initialize_instance
    manager.original_init(*mixed[1:], **kwargs)
  File "C:\wamp64\www\Result_portal\venv\Lib\site-packages\sqlalchemy\orm\decl_base.py", line 2175, in _declarative_constructor
    raise TypeError(
TypeError: 'created_by' is an invalid keyword argument for Result
2025-06-04 00:17:37,844 INFO: Student Portal startup [in C:\wamp64\www\Result_portal\app\__init__.py:60]
2025-06-04 00:18:18,889 INFO: Processing form submission [in C:\wamp64\www\Result_portal\app\admin\routes.py:1105]
2025-06-04 00:18:18,891 INFO: Form data: ImmutableMultiDict([('csrf_token', 'IjZjMTI2NjA0ZjVkOWI3NmMwYTM1M2Y5YjhmNWRhODRjNjA5MDQ5MmMi.aD-Qrg.2ZJ5nBOX83ABi2u-QBgd_7c7ous'), ('program', '3'), ('level', '1'), ('student', '26'), ('course', '7'), ('semester', '1'), ('academic_year', '2024-2025'), ('score', '78'), ('remarks', 'good')]) [in C:\wamp64\www\Result_portal\app\admin\routes.py:1106]
2025-06-04 00:18:18,925 INFO: Setting choices for program: 3, level: 1 [in C:\wamp64\www\Result_portal\app\admin\routes.py:1115]
